Microchip MPLAB XC8 Compiler V2.50

Linker command line:

-W-3 \
  --edf=C:\Program Files\Microchip\xc8\v2.50\pic\dat\20240725155939_en.msgs \
  -cn -h+dist/default/production\lcd.X.production.sym \
  --cmf=dist/default/production\lcd.X.production.cmf -z -Q16F887 \
  -oC:\Users\Juanfer\AppData\Local\Temp\xcAse08.\driver_tmp_3.o \
  --defsym=__MPLAB_BUILD=1 --fixupoverflow=error \
  -Mdist/default/production/lcd.X.production.map \
  --md=C:\Users\Juanfer\AppData\Local\Temp\xcAse08.\driver_tmp_0.dat -E1 \
  -ver=XC8 Compiler --acfsm=1493 -ACODE=00h-07FFhx4 -ASTRCODE=00h-01FFFh \
  -ASTRING=00h-0FFhx32 -ACONST=00h-0FFhx32 -AENTRY=00h-0FFhx32 \
  -ACOMMON=070h-07Fh -ABANK0=020h-06Fh -ABANK1=0A0h-0EFh \
  -ABANK2=0110h-016Fh -ABANK3=0190h-01EFh \
  -ARAM=020h-06Fh,0A0h-0EFh,0110h-016Fh,0190h-01EFh \
  -AABS1=020h-07Fh,0A0h-0EFh,0110h-016Fh,0190h-01EFh -ASFR0=00h-01Fh \
  -ASFR1=080h-09Fh -ASFR2=0100h-010Fh -ASFR3=0180h-018Fh \
  -ACONFIG=02007h-02008h -DCONFIG=2 -AIDLOC=02000h-02003h -DIDLOC=2 \
  -AEEDATA=00h-0FFh/02100h -peeprom_data=EEDATA -DEEDATA=2 -DCODE=2 \
  -DSTRCODE=2 -DSTRING=2 -DCONST=2 -DENTRY=2 \
  -preset_vec=00h,intentry,sivt,init,end_init -ppowerup=CODE -pcinit=CODE \
  -pfunctab=ENTRY -k \
  C:\Users\Juanfer\AppData\Local\Temp\xcAse08.\driver_tmp_12.o \
  dist/default/production\lcd.X.production.o 

Object code version is 3.11

Machine type is 16F887



                Name                               Link     Load   Length Selector   Space Scale
C:\Users\Juanfer\AppData\Local\Temp\xcAse08.\driver_tmp_12.o
                end_init                              0        0        3        0       0
                config                             2007     2007        2        0       4
dist/default/production\lcd.X.production.o
                cinit                               7E7      7E7       19      FCE       0
                config                             2007     2007        2        0       4
                text13                              41C      41C       36      838       0
                text12                              3F2      3F2       2A      7E4       0
                text11                              37E      37E       10      6FC       0
                text10                              452      452       36      8A4       0
                text9                               3B2      3B2       1C      764       0
                text8                               3CE      3CE       24      79C       0
                text7                               4FD      4FD       4E      9FA       0
                text6                               602      602       D1      C04       0
                text5                               488      488       38      910       0
                text4                               4C0      4C0       3D      980       0
                text3                               54B      54B       58      A96       0
                text2                               6D3      6D3      114      DA6       0
                text1                               371      371        D      6E2       0
                maintext                            5A3      5A3       5F      B46       0
                cstackBANK0                          20       20       1B       20       1
                cstackCOMMON                         70       70        D       70       1
                inittext                            39F      39F       13      73E       0
                dataBANK0                            3B       3B       11       20       1
                bssBANK0                             4C       4C        7       20       1
                strings                               3        3       5D        6       0
                idataBANK0                          38E      38E       11      71C       0

TOTAL           Name                               Link     Load   Length     Space
        CLASS   CODE           
                end_init                              0        0        3         0
                cinit                               7E7      7E7       19         0
                text13                              41C      41C       36         0
                text12                              3F2      3F2       2A         0
                text11                              37E      37E       10         0
                text10                              452      452       36         0
                text9                               3B2      3B2       1C         0
                text8                               3CE      3CE       24         0
                text7                               4FD      4FD       4E         0
                text6                               602      602       D1         0
                text5                               488      488       38         0
                text4                               4C0      4C0       3D         0
                text3                               54B      54B       58         0
                text2                               6D3      6D3      114         0
                text1                               371      371        D         0
                maintext                            5A3      5A3       5F         0
                inittext                            39F      39F       13         0
                idataBANK0                          38E      38E       11         0

        CLASS   STRCODE        

        CLASS   STRING         
                strings                               3        3       5D         0

        CLASS   CONST          

        CLASS   ENTRY          

        CLASS   COMMON         
                cstackCOMMON                         70       70        D         1

        CLASS   BANK0          
                cstackBANK0                          20       20       1B         1
                dataBANK0                            3B       3B       11         1
                bssBANK0                             4C       4C        7         1

        CLASS   BANK1          

        CLASS   BANK2          

        CLASS   BANK3          

        CLASS   RAM            

        CLASS   ABS1           
                abs_s1                               7E       7E        2         1

        CLASS   SFR0           

        CLASS   SFR1           

        CLASS   SFR2           

        CLASS   SFR3           

        CLASS   CONFIG         
                config                             2007     2007        2         4

        CLASS   IDLOC          

        CLASS   EEDATA         

        CLASS   HEAP           

        CLASS   STACK          



SEGMENTS        Name                           Load    Length   Top    Selector   Space  Class     Delta

                reset_vec                      000000  000003  000003         0       0  CODE        2
                strings                        000003  00005D  000060         6       0  STRING      2
                cstackBANK0                    000020  000033  000053        20       1  BANK0       1
                cstackCOMMON                   000070  00000D  00007D        70       1  COMMON      1
                text1                          000371  00000D  00037E       6E2       0  CODE        2
                text11                         00037E  000010  00038E       6FC       0  CODE        2
                idataBANK0                     00038E  000011  00039F       71C       0  CODE        2
                inittext                       00039F  000013  0003B2       73E       0  CODE        2
                text9                          0003B2  00001C  0003CE       764       0  CODE        2
                text8                          0003CE  000024  0003F2       79C       0  CODE        2
                text12                         0003F2  00002A  00041C       7E4       0  CODE        2
                text13                         00041C  000036  000452       838       0  CODE        2
                text10                         000452  000036  000488       8A4       0  CODE        2
                text5                          000488  000038  0004C0       910       0  CODE        2
                text4                          0004C0  00003D  0004FD       980       0  CODE        2
                text7                          0004FD  00004E  00054B       9FA       0  CODE        2
                text3                          00054B  000058  0005A3       A96       0  CODE        2
                maintext                       0005A3  00005F  000602       B46       0  CODE        2
                text6                          000602  0000D1  0006D3       C04       0  CODE        2
                text2                          0006D3  000114  0007E7       DA6       0  CODE        2
                cinit                          0007E7  000019  000800       FCE       0  CODE        2


UNUSED ADDRESS RANGES

        Name                Unused          Largest block    Delta
        BANK0            0053-006F             1D           1
        BANK1            00A0-00EF             50           1
        BANK2            0110-016F             60           1
        BANK3            0190-01EF             60           1
        CODE             0060-0370            311           2
                         0800-1FFF            800
        COMMON           007D-007D              1           1
        CONST            0060-0370            100           2
                         0800-1FFF            100
        EEDATA           2100-21FF            100           2
        ENTRY            0060-0370            100           2
                         0800-1FFF            100
        IDLOC            2000-2003              4           2
        RAM              0053-006F             1D           1
                         00A0-00EF             50
                         0110-016F             60
                         0190-01EF             60
        SFR0             0000-001F             20           1
        SFR1             0080-009F             20           1
        SFR2             0100-010F             10           1
        SFR3             0180-018F             10           1
        STRCODE          0060-0370            311           2
                         0800-1FFF           1800
        STRING           0060-0370            100           2
                         0800-1FFF            100

                                  Symbol Table

?_strncmp                   cstackCOMMON 0070
LCD_Char@dat                cstackCOMMON 0072
LCD_Command@cmd             cstackCOMMON 0072
LCD_String@msg              cstackCOMMON 0073
LCD_String_xy@location      cstackCOMMON 0077
LCD_String_xy@msg           cstackCOMMON 0075
LCD_String_xy@pos           cstackCOMMON 0074
LCD_String_xy@row           cstackCOMMON 0076
_ANSEL                      (abs)        0188
_ANSELH                     (abs)        0189
_Estado                     bssBANK0     004D
_LCD_Char                   text10       0452
_LCD_Clear                  text11       037E
_LCD_Command                text13       041C
_LCD_Init                   text12       03F2
_LCD_String                 text9        03B2
_LCD_String_xy              text8        03CE
_OPTION_REGbits             (abs)        0081
_OSCCON                     (abs)        008F
_PORTB                      (abs)        0006
_PORTC                      (abs)        0007
_PORTD                      (abs)        0008
_PORTDbits                  (abs)        0008
_PORTE                      (abs)        0009
_PORTEbits                  (abs)        0009
_TRISB                      (abs)        0086
_TRISC                      (abs)        0087
_TRISD                      (abs)        0088
_TRISE                      (abs)        0089
_WPUB                       (abs)        0095
__H__absolute__             __absolute__ 0000
__Habs1                     abs1         0000
__Hbank0                    bank0        0000
__Hbank1                    bank1        0000
__Hbank2                    bank2        0000
__Hbank3                    bank3        0000
__HbssBANK0                 bssBANK0     0000
__Hcinit                    cinit        0800
__Hclrtext                  clrtext      0000
__Hcode                     code         0000
__Hcommon                   common       0000
__Hconfig                   config       2009
__HcstackBANK0              cstackBANK0  0000
__HcstackCOMMON             cstackCOMMON 0000
__HdataBANK0                dataBANK0    0000
__Heeprom_data              eeprom_data  0000
__Hend_init                 end_init     0003
__Hfunctab                  functab      0000
__Hheap                     heap         0000
__HidataBANK0               idataBANK0   0000
__Hinit                     init         0000
__Hinittext                 inittext     0000
__Hintentry                 intentry     0000
__Hmaintext                 maintext     0000
__Hpowerup                  powerup      0000
__Hram                      ram          0000
__Hreset_vec                reset_vec    0000
__Hsfr0                     sfr0         0000
__Hsfr1                     sfr1         0000
__Hsfr2                     sfr2         0000
__Hsfr3                     sfr3         0000
__Hsivt                     sivt         0000
__Hspace_0                  (abs)        0800
__Hspace_1                  (abs)        007D
__Hspace_2                  (abs)        0000
__Hspace_3                  (abs)        0000
__Hspace_4                  (abs)        4010
__Hstack                    stack        0000
__Hstrings                  strings      0000
__Htext                     text         0000
__L__absolute__             __absolute__ 0000
__Labs1                     abs1         0000
__Lbank0                    bank0        0000
__Lbank1                    bank1        0000
__Lbank2                    bank2        0000
__Lbank3                    bank3        0000
__LbssBANK0                 bssBANK0     0000
__Lcinit                    cinit        07E7
__Lclrtext                  clrtext      0000
__Lcode                     code         0000
__Lcommon                   common       0000
__Lconfig                   config       0000
__LcstackBANK0              cstackBANK0  0000
__LcstackCOMMON             cstackCOMMON 0000
__LdataBANK0                dataBANK0    0000
__Leeprom_data              eeprom_data  0000
__Lend_init                 end_init     0000
__Lfunctab                  functab      0000
__Lheap                     heap         0000
__LidataBANK0               idataBANK0   0000
__Linit                     init         0000
__Linittext                 inittext     0000
__Lintentry                 intentry     0000
__Lmaintext                 maintext     0000
__Lpowerup                  powerup      0000
__Lram                      ram          0000
__Lreset_vec                reset_vec    0000
__Lsfr0                     sfr0         0000
__Lsfr1                     sfr1         0000
__Lsfr2                     sfr2         0000
__Lsfr3                     sfr3         0000
__Lsivt                     sivt         0000
__Lspace_0                  (abs)        0000
__Lspace_1                  (abs)        0000
__Lspace_2                  (abs)        0000
__Lspace_3                  (abs)        0000
__Lspace_4                  (abs)        0000
__Lstack                    stack        0000
__Lstrings                  strings      0000
__Ltext                     text         0000
__S0                        (abs)        0800
__S1                        (abs)        007D
__S3                        (abs)        0000
___heap_hi                  (abs)        0000
___heap_lo                  (abs)        0000
___int_sp                   stack        0000
___int_stack_hi             stack        0000
___int_stack_lo             stack        0000
___latbits                  (abs)        0002
___sp                       stack        0000
___stack_hi                 stack        0000
___stack_lo                 stack        0000
___stackhi                  (abs)        0000
___stacklo                  (abs)        0000
__end_of_LCD_Char           text10       0488
__end_of_LCD_Clear          text11       038E
__end_of_LCD_Command        text13       0452
__end_of_LCD_Init           text12       041C
__end_of_LCD_String         text9        03CE
__end_of_LCD_String_xy      text8        03F2
__end_of__initialization    cinit        07FC
__end_of__stringtab         strings      0009
__end_of_function_Bloqueado text7        054B
__end_of_function_seguridad text2        07E7
__end_of_keypad_getkey      text6        06D3
__end_of_keypad_init        text1        037E
__end_of_main               maintext     0602
__end_of_password           strings      000E
__end_of_secuencia1_Efecto1 text5        04C0
__end_of_secuencia1_Efecto2 text4        04FD
__end_of_strncmp            text3        05A3
__initialization            cinit        07E7
__pbssBANK0                 bssBANK0     004C
__pcstackBANK0              cstackBANK0  0020
__pcstackCOMMON             cstackCOMMON 0070
__pdataBANK0                dataBANK0    003B
__pidataBANK0               idataBANK0   038E
__pmaintext                 maintext     05A3
__pstrings                  strings      0003
__ptext1                    text1        0371
__ptext10                   text10       0452
__ptext11                   text11       037E
__ptext12                   text12       03F2
__ptext13                   text13       041C
__ptext2                    text2        06D3
__ptext3                    text3        054B
__ptext4                    text4        04C0
__ptext5                    text5        0488
__ptext6                    text6        0602
__ptext7                    text7        04FD
__ptext8                    text8        03CE
__ptext9                    text9        03B2
__stringbase                strings      0008
__stringtab                 strings      0003
_function_Bloqueado         text7        04FD
_function_seguridad         text2        06D3
_idx                        bssBANK0     004C
_intentos                   dataBANK0    004B
_keypad_getkey              text6        0602
_keypad_init                text1        0371
_main                       maintext     05A3
_pass_user                  bssBANK0     004E
_password                   strings      0009
_secuencia1_Efecto1         text5        0488
_secuencia1_Efecto2         text4        04C0
_strncmp                    text3        054B
btemp                       (abs)        007E
end_of_initialization       cinit        07FC
function_Bloqueado@i        cstackCOMMON 007B
function_seguridad@i        cstackBANK0  0033
function_seguridad@i_168    cstackBANK0  0035
function_seguridad@key      cstackBANK0  0037
init_fetch0                 inittext     039F
init_ram0                   inittext     03A3
intlevel0                   functab      0000
intlevel1                   functab      0000
intlevel2                   functab      0000
intlevel3                   functab      0000
intlevel4                   functab      0000
intlevel5                   functab      0000
keypad_getkey@F1398         dataBANK0    003B
keypad_getkey@i             cstackBANK0  0031
keypad_getkey@letras        cstackBANK0  0020
keypad_getkey@valor         cstackBANK0  0030
reset_vec                   reset_vec    0000
secuencia1_Efecto1@V1       cstackCOMMON 0073
secuencia1_Efecto1@V2       cstackCOMMON 0072
secuencia1_Efecto2@TEMP     cstackCOMMON 0072
start                       init         0000
start_initialization        cinit        07E7
strncmp@l                   cstackCOMMON 0070
strncmp@n                   cstackCOMMON 0072
strncmp@r                   cstackCOMMON 0071
wtemp0                      (abs)        007E


MODULE INFORMATION

Module		Function		Class		Link	Load	Size
KEYPAD.c
		_keypad_init   		CODE           	0371	0000	13
		_keypad_getkey 		CODE           	0602	0000	209

KEYPAD.c estimated size: 222

SECUENCIAS.c
		_secuencia1_Efecto1		CODE           	0488	0000	56
		_secuencia1_Efecto2		CODE           	04C0	0000	61

SECUENCIAS.c estimated size: 117

C:\Program Files\Microchip\xc8\v2.50\pic\sources\c99\common\strncmp.c
		_strncmp       		CODE           	054B	0000	88

C:\Program Files\Microchip\xc8\v2.50\pic\sources\c99\common\strncmp.c estimated size: 88

shared
		__stringtab    		STRING         	0003	0000	6
		_password      		STRING         	0009	0000	5
		__initialization		CODE           	07E7	0000	21

shared estimated size: 32

main.c
		_main          		CODE           	05A3	0000	95
		_function_seguridad		CODE           	06D3	0000	276
		_function_Bloqueado		CODE           	04FD	0000	78

main.c estimated size: 449

LCD.c
		_LCD_String    		CODE           	03B2	0000	28
		_LCD_Init      		CODE           	03F2	0000	42
		_LCD_Command   		CODE           	041C	0000	54
		_LCD_String_xy 		CODE           	03CE	0000	36
		_LCD_Char      		CODE           	0452	0000	54
		_LCD_Clear     		CODE           	037E	0000	16

LCD.c estimated size: 230

